Using GATK jar /lustre1/share/miniconda3/envs/wes/share/gatk4-4.6.2.0-1/gatk-package-4.6.2.0-local.jar
Running:
    java -Dsamjdk.use_async_io_read_samtools=false -Dsamjdk.use_async_io_write_samtools=true -Dsamjdk.use_async_io_write_tribble=false -Dsamjdk.compression_level=2 -Xmx4g -jar /lustre1/share/miniconda3/envs/wes/share/gatk4-4.6.2.0-1/gatk-package-4.6.2.0-local.jar BedToIntervalList -I /lustre1/share/references/S07604514_AllTracks_V6_60_hg38.bed -O /lustre1/user/bjx131_pkuhpc/wes_run_full_20260920/qc/targets.interval_list -SD /lustre1/share/references/hg38.dict
08:43:12.834 INFO  NativeLibraryLoader - Loading libgkl_compression.so from jar:file:/lustre1/share/miniconda3/envs/wes/share/gatk4-4.6.2.0-1/gatk-package-4.6.2.0-local.jar!/com/intel/gkl/native/libgkl_compression.so
[Mon Sep 21 08:43:12 CST 2026] BedToIntervalList --INPUT /lustre1/share/references/S07604514_AllTracks_V6_60_hg38.bed --SEQUENCE_DICTIONARY /lustre1/share/references/hg38.dict --OUTPUT /lustre1/user/bjx131_pkuhpc/wes_run_full_20260920/qc/targets.interval_list --SORT true --UNIQUE false --DROP_MISSING_CONTIGS false --KEEP_LENGTH_ZERO_INTERVALS false --VERBOSITY INFO --QUIET false --VALIDATION_STRINGENCY STRICT --COMPRESSION_LEVEL 2 --MAX_RECORDS_IN_RAM 500000 --CREATE_INDEX false --CREATE_MD5_FILE false --help false --version false --showHidden false --USE_JDK_DEFLATER false --USE_JDK_INFLATER false
[Mon Sep 21 08:43:13 CST 2026] Executing as bjx131_pkuhpc@s29b00n60 on Linux 4.18.0-477.10.1.el8_8.x86_64 amd64; OpenJDK 64-Bit Server VM 17.0.3-internal+0-adhoc..src; Deflater: Intel; Inflater: Intel; Provider GCS is available; Picard version: Version:4.6.2.0
INFO	2026-09-21 08:43:13	BedToIntervalList	No input regions had length zero, so none were skipped.
INFO	2026-09-21 08:43:13	BedToIntervalList	Wrote 243559 intervals spanning a total of 60507855 bases
[Mon Sep 21 08:43:13 CST 2026] picard.util.BedToIntervalList done. Elapsed time: 0.02 minutes.
Runtime.totalMemory()=1126170624
Using GATK jar /lustre1/share/miniconda3/envs/wes/share/gatk4-4.6.2.0-1/gatk-package-4.6.2.0-local.jar
Running:
    java -Dsamjdk.use_async_io_read_samtools=false -Dsamjdk.use_async_io_write_samtools=true -Dsamjdk.use_async_io_write_tribble=false -Dsamjdk.compression_level=2 -Xmx8g -jar /lustre1/share/miniconda3/envs/wes/share/gatk4-4.6.2.0-1/gatk-package-4.6.2.0-local.jar CollectHsMetrics -I /lustre1/user/bjx131_pkuhpc/wes_run_full_20260920/1_alignment/OC/OC_sorted.markdup.BQSR.bam -O /lustre1/user/bjx131_pkuhpc/wes_run_full_20260920/qc/full_OC.hs_metrics.txt --TARGET_INTERVALS /lustre1/user/bjx131_pkuhpc/wes_run_full_20260920/qc/targets.interval_list --BAIT_INTERVALS /lustre1/user/bjx131_pkuhpc/wes_run_full_20260920/qc/targets.interval_list --REFERENCE_SEQUENCE /lustre1/share/references/hg38.fa
08:43:15.442 INFO  NativeLibraryLoader - Loading libgkl_compression.so from jar:file:/lustre1/share/miniconda3/envs/wes/share/gatk4-4.6.2.0-1/gatk-package-4.6.2.0-local.jar!/com/intel/gkl/native/libgkl_compression.so
[Mon Sep 21 08:43:15 CST 2026] CollectHsMetrics --BAIT_INTERVALS /lustre1/user/bjx131_pkuhpc/wes_run_full_20260920/qc/targets.interval_list --TARGET_INTERVALS /lustre1/user/bjx131_pkuhpc/wes_run_full_20260920/qc/targets.interval_list --INPUT /lustre1/user/bjx131_pkuhpc/wes_run_full_20260920/1_alignment/OC/OC_sorted.markdup.BQSR.bam --OUTPUT /lustre1/user/bjx131_pkuhpc/wes_run_full_20260920/qc/full_OC.hs_metrics.txt --REFERENCE_SEQUENCE /lustre1/share/references/hg38.fa --METRIC_ACCUMULATION_LEVEL ALL_READS --NEAR_DISTANCE 250 --MINIMUM_MAPPING_QUALITY 20 --MINIMUM_BASE_QUALITY 20 --CLIP_OVERLAPPING_READS true --INCLUDE_INDELS false --COVERAGE_CAP 200 --SAMPLE_SIZE 10000 --ALLELE_FRACTION 0.001 --ALLELE_FRACTION 0.005 --ALLELE_FRACTION 0.01 --ALLELE_FRACTION 0.02 --ALLELE_FRACTION 0.05 --ALLELE_FRACTION 0.1 --ALLELE_FRACTION 0.2 --ALLELE_FRACTION 0.3 --ALLELE_FRACTION 0.5 --VERBOSITY INFO --QUIET false --VALIDATION_STRINGENCY STRICT --COMPRESSION_LEVEL 2 --MAX_RECORDS_IN_RAM 500000 --CREATE_INDEX false --CREATE_MD5_FILE false --help false --version false --showHidden false --USE_JDK_DEFLATER false --USE_JDK_INFLATER false
[Mon Sep 21 08:43:15 CST 2026] Executing as bjx131_pkuhpc@s29b00n60 on Linux 4.18.0-477.10.1.el8_8.x86_64 amd64; OpenJDK 64-Bit Server VM 17.0.3-internal+0-adhoc..src; Deflater: Intel; Inflater: Intel; Provider GCS is available; Picard version: Version:4.6.2.0
INFO	2026-09-21 08:43:52	CollectHsMetrics	Processed     1,000,000 records.  Elapsed time: 00:00:11s.  Time for last 1,000,000:   11s.  Last read position: chr1:20,139,526
INFO	2026-09-21 08:44:02	CollectHsMetrics	Processed     2,000,000 records.  Elapsed time: 00:00:21s.  Time for last 1,000,000:    9s.  Last read position: chr1:40,308,292
INFO	2026-09-21 08:44:11	CollectHsMetrics	Processed     3,000,000 records.  Elapsed time: 00:00:30s.  Time for last 1,000,000:    9s.  Last read position: chr1:78,492,834
INFO	2026-09-21 08:44:20	CollectHsMetrics	Processed     4,000,000 records.  Elapsed time: 00:00:38s.  Time for last 1,000,000:    8s.  Last read position: chr1:145,403,101
INFO	2026-09-21 08:44:29	CollectHsMetrics	Processed     5,000,000 records.  Elapsed time: 00:00:48s.  Time for last 1,000,000:    9s.  Last read position: chr1:160,312,112
INFO	2026-09-21 08:44:38	CollectHsMetrics	Processed     6,000,000 records.  Elapsed time: 00:00:57s.  Time for last 1,000,000:    9s.  Last read position: chr1:202,012,874
INFO	2026-09-21 08:44:48	CollectHsMetrics	Processed     7,000,000 records.  Elapsed time: 00:01:06s.  Time for last 1,000,000:    9s.  Last read position: chr1:235,341,615
INFO	2026-09-21 08:44:56	CollectHsMetrics	Processed     8,000,000 records.  Elapsed time: 00:01:15s.  Time for last 1,000,000:    8s.  Last read position: chr10:40,128,221
INFO	2026-09-21 08:45:04	CollectHsMetrics	Processed     9,000,000 records.  Elapsed time: 00:01:23s.  Time for last 1,000,000:    8s.  Last read position: chr10:86,959,473
INFO	2026-09-21 08:45:14	CollectHsMetrics	Processed    10,000,000 records.  Elapsed time: 00:01:32s.  Time for last 1,000,000:    9s.  Last read position: chr10:120,598,276
INFO	2026-09-21 08:45:23	CollectHsMetrics	Processed    11,000,000 records.  Elapsed time: 00:01:42s.  Time for last 1,000,000:    9s.  Last read position: chr11:12,002,358
INFO	2026-09-21 08:45:33	CollectHsMetrics	Processed    12,000,000 records.  Elapsed time: 00:01:51s.  Time for last 1,000,000:    9s.  Last read position: chr11:59,806,560
INFO	2026-09-21 08:45:44	CollectHsMetrics	Processed    13,000,000 records.  Elapsed time: 00:02:02s.  Time for last 1,000,000:   10s.  Last read position: chr11:71,957,638
INFO	2026-09-21 08:45:53	CollectHsMetrics	Processed    14,000,000 records.  Elapsed time: 00:02:12s.  Time for last 1,000,000:    9s.  Last read position: chr11:117,291,822
INFO	2026-09-21 08:46:03	CollectHsMetrics	Processed    15,000,000 records.  Elapsed time: 00:02:22s.  Time for last 1,000,000:   10s.  Last read position: chr12:7,929,596
INFO	2026-09-21 08:46:13	CollectHsMetrics	Processed    16,000,000 records.  Elapsed time: 00:02:31s.  Time for last 1,000,000:    9s.  Last read position: chr12:50,731,435
INFO	2026-09-21 08:46:23	CollectHsMetrics	Processed    17,000,000 records.  Elapsed time: 00:02:42s.  Time for last 1,000,000:   10s.  Last read position: chr12:79,362,869
INFO	2026-09-21 08:46:33	CollectHsMetrics	Processed    18,000,000 records.  Elapsed time: 00:02:51s.  Time for last 1,000,000:    9s.  Last read position: chr12:120,265,494
INFO	2026-09-21 08:46:42	CollectHsMetrics	Processed    19,000,000 records.  Elapsed time: 00:03:01s.  Time for last 1,000,000:    9s.  Last read position: chr13:43,361,279
INFO	2026-09-21 08:46:51	CollectHsMetrics	Processed    20,000,000 records.  Elapsed time: 00:03:09s.  Time for last 1,000,000:    8s.  Last read position: chr14:20,770,381
INFO	2026-09-21 08:47:00	CollectHsMetrics	Processed    21,000,000 records.  Elapsed time: 00:03:19s.  Time for last 1,000,000:    9s.  Last read position: chr14:64,564,750
INFO	2026-09-21 08:47:10	CollectHsMetrics	Processed    22,000,000 records.  Elapsed time: 00:03:29s.  Time for last 1,000,000:    9s.  Last read position: chr14:102,498,344
INFO	2026-09-21 08:47:20	CollectHsMetrics	Processed    23,000,000 records.  Elapsed time: 00:03:38s.  Time for last 1,000,000:    9s.  Last read position: chr15:44,583,989
INFO	2026-09-21 08:47:30	CollectHsMetrics	Processed    24,000,000 records.  Elapsed time: 00:03:48s.  Time for last 1,000,000:    9s.  Last read position: chr15:76,009,184
INFO	2026-09-21 08:47:39	CollectHsMetrics	Processed    25,000,000 records.  Elapsed time: 00:03:58s.  Time for last 1,000,000:    9s.  Last read position: chr16:2,110,896
INFO	2026-09-21 08:47:49	CollectHsMetrics	Processed    26,000,000 records.  Elapsed time: 00:04:07s.  Time for last 1,000,000:    9s.  Last read position: chr16:29,804,542
INFO	2026-09-21 08:47:59	CollectHsMetrics	Processed    27,000,000 records.  Elapsed time: 00:04:17s.  Time for last 1,000,000:    9s.  Last read position: chr16:67,660,450
INFO	2026-09-21 08:48:08	CollectHsMetrics	Processed    28,000,000 records.  Elapsed time: 00:04:27s.  Time for last 1,000,000:    9s.  Last read position: chr17:2,365,270
INFO	2026-09-21 08:48:19	CollectHsMetrics	Processed    29,000,000 records.  Elapsed time: 00:04:37s.  Time for last 1,000,000:   10s.  Last read position: chr17:19,023,838
INFO	2026-09-21 08:48:28	CollectHsMetrics	Processed    30,000,000 records.  Elapsed time: 00:04:47s.  Time for last 1,000,000:    9s.  Last read position: chr17:42,841,530
INFO	2026-09-21 08:48:38	CollectHsMetrics	Processed    31,000,000 records.  Elapsed time: 00:04:57s.  Time for last 1,000,000:   10s.  Last read position: chr17:66,053,570
INFO	2026-09-21 08:48:49	CollectHsMetrics	Processed    32,000,000 records.  Elapsed time: 00:05:07s.  Time for last 1,000,000:   10s.  Last read position: chr18:4,706,805
INFO	2026-09-21 08:48:57	CollectHsMetrics	Processed    33,000,000 records.  Elapsed time: 00:05:16s.  Time for last 1,000,000:    8s.  Last read position: chr18:68,658,932
INFO	2026-09-21 08:49:08	CollectHsMetrics	Processed    34,000,000 records.  Elapsed time: 00:05:26s.  Time for last 1,000,000:   10s.  Last read position: chr19:8,871,382
INFO	2026-09-21 08:49:19	CollectHsMetrics	Processed    35,000,000 records.  Elapsed time: 00:05:37s.  Time for last 1,000,000:   10s.  Last read position: chr19:19,563,562
INFO	2026-09-21 08:49:29	CollectHsMetrics	Processed    36,000,000 records.  Elapsed time: 00:05:47s.  Time for last 1,000,000:   10s.  Last read position: chr19:43,593,197
INFO	2026-09-21 08:49:39	CollectHsMetrics	Processed    37,000,000 records.  Elapsed time: 00:05:58s.  Time for last 1,000,000:   10s.  Last read position: chr19:55,155,907
INFO	2026-09-21 08:49:49	CollectHsMetrics	Processed    38,000,000 records.  Elapsed time: 00:06:08s.  Time for last 1,000,000:    9s.  Last read position: chr2:28,593,644
INFO	2026-09-21 08:49:59	CollectHsMetrics	Processed    39,000,000 records.  Elapsed time: 00:06:17s.  Time for last 1,000,000:    9s.  Last read position: chr2:74,481,239
INFO	2026-09-21 08:50:08	CollectHsMetrics	Processed    40,000,000 records.  Elapsed time: 00:06:26s.  Time for last 1,000,000:    8s.  Last read position: chr2:123,385,826
INFO	2026-09-21 08:50:17	CollectHsMetrics	Processed    41,000,000 records.  Elapsed time: 00:06:35s.  Time for last 1,000,000:    9s.  Last read position: chr2:178,564,992
INFO	2026-09-21 08:50:27	CollectHsMetrics	Processed    42,000,000 records.  Elapsed time: 00:06:46s.  Time for last 1,000,000:   10s.  Last read position: chr2:219,299,924
INFO	2026-09-21 08:50:37	CollectHsMetrics	Processed    43,000,000 records.  Elapsed time: 00:06:56s.  Time for last 1,000,000:   10s.  Last read position: chr20:3,703,174
INFO	2026-09-21 08:50:46	CollectHsMetrics	Processed    44,000,000 records.  Elapsed time: 00:07:05s.  Time for last 1,000,000:    9s.  Last read position: chr20:35,291,640
INFO	2026-09-21 08:50:56	CollectHsMetrics	Processed    45,000,000 records.  Elapsed time: 00:07:15s.  Time for last 1,000,000:    9s.  Last read position: chr20:56,412,402
INFO	2026-09-21 08:51:05	CollectHsMetrics	Processed    46,000,000 records.  Elapsed time: 00:07:23s.  Time for last 1,000,000:    8s.  Last read position: chr21:33,555,200
INFO	2026-09-21 08:51:14	CollectHsMetrics	Processed    47,000,000 records.  Elapsed time: 00:07:33s.  Time for last 1,000,000:    9s.  Last read position: chr22:21,387,739
INFO	2026-09-21 08:51:24	CollectHsMetrics	Processed    48,000,000 records.  Elapsed time: 00:07:43s.  Time for last 1,000,000:   10s.  Last read position: chr22:41,958,407
INFO	2026-09-21 08:51:34	CollectHsMetrics	Processed    49,000,000 records.  Elapsed time: 00:07:52s.  Time for last 1,000,000:    9s.  Last read position: chr3:27,322,273
INFO	2026-09-21 08:51:44	CollectHsMetrics	Processed    50,000,000 records.  Elapsed time: 00:08:03s.  Time for last 1,000,000:   10s.  Last read position: chr3:51,349,082
INFO	2026-09-21 08:51:53	CollectHsMetrics	Processed    51,000,000 records.  Elapsed time: 00:08:12s.  Time for last 1,000,000:    9s.  Last read position: chr3:112,541,753
INFO	2026-09-21 08:52:03	CollectHsMetrics	Processed    52,000,000 records.  Elapsed time: 00:08:22s.  Time for last 1,000,000:    9s.  Last read position: chr3:151,447,864
INFO	2026-09-21 08:52:13	CollectHsMetrics	Processed    53,000,000 records.  Elapsed time: 00:08:31s.  Time for last 1,000,000:    9s.  Last read position: chr4:2,450,908
INFO	2026-09-21 08:52:21	CollectHsMetrics	Processed    54,000,000 records.  Elapsed time: 00:08:40s.  Time for last 1,000,000:    8s.  Last read position: chr4:59,543,890
INFO	2026-09-21 08:52:30	CollectHsMetrics	Processed    55,000,000 records.  Elapsed time: 00:08:49s.  Time for last 1,000,000:    9s.  Last read position: chr4:122,334,424
INFO	2026-09-21 08:52:39	CollectHsMetrics	Processed    56,000,000 records.  Elapsed time: 00:08:58s.  Time for last 1,000,000:    8s.  Last read position: chr5:6,621,820
INFO	2026-09-21 08:52:48	CollectHsMetrics	Processed    57,000,000 records.  Elapsed time: 00:09:06s.  Time for last 1,000,000:    8s.  Last read position: chr5:76,875,233
INFO	2026-09-21 08:52:56	CollectHsMetrics	Processed    58,000,000 records.  Elapsed time: 00:09:15s.  Time for last 1,000,000:    8s.  Last read position: chr5:131,677,748
INFO	2026-09-21 08:53:06	CollectHsMetrics	Processed    59,000,000 records.  Elapsed time: 00:09:25s.  Time for last 1,000,000:   10s.  Last read position: chr5:150,758,805
INFO	2026-09-21 08:53:16	CollectHsMetrics	Processed    60,000,000 records.  Elapsed time: 00:09:34s.  Time for last 1,000,000:    9s.  Last read position: chr5:180,792,617
INFO	2026-09-21 08:53:25	CollectHsMetrics	Processed    61,000,000 records.  Elapsed time: 00:09:44s.  Time for last 1,000,000:    9s.  Last read position: chr6:40,920,553
INFO	2026-09-21 08:53:35	CollectHsMetrics	Processed    62,000,000 records.  Elapsed time: 00:09:53s.  Time for last 1,000,000:    9s.  Last read position: chr6:90,536,251
INFO	2026-09-21 08:53:44	CollectHsMetrics	Processed    63,000,000 records.  Elapsed time: 00:10:02s.  Time for last 1,000,000:    9s.  Last read position: chr6:152,359,075
INFO	2026-09-21 08:53:53	CollectHsMetrics	Processed    64,000,000 records.  Elapsed time: 00:10:12s.  Time for last 1,000,000:    9s.  Last read position: chr7:27,785,333
INFO	2026-09-21 08:54:02	CollectHsMetrics	Processed    65,000,000 records.  Elapsed time: 00:10:20s.  Time for last 1,000,000:    8s.  Last read position: chr7:77,583,368
INFO	2026-09-21 08:54:12	CollectHsMetrics	Processed    66,000,000 records.  Elapsed time: 00:10:30s.  Time for last 1,000,000:    9s.  Last read position: chr7:118,180,556
INFO	2026-09-21 08:54:21	CollectHsMetrics	Processed    67,000,000 records.  Elapsed time: 00:10:40s.  Time for last 1,000,000:    9s.  Last read position: chr7:157,470,474
INFO	2026-09-21 08:54:30	CollectHsMetrics	Processed    68,000,000 records.  Elapsed time: 00:10:49s.  Time for last 1,000,000:    8s.  Last read position: chr8:37,838,927
INFO	2026-09-21 08:54:39	CollectHsMetrics	Processed    69,000,000 records.  Elapsed time: 00:10:58s.  Time for last 1,000,000:    8s.  Last read position: chr8:85,446,209
INFO	2026-09-21 08:54:48	CollectHsMetrics	Processed    70,000,000 records.  Elapsed time: 00:11:06s.  Time for last 1,000,000:    8s.  Last read position: chr8:131,739,422
INFO	2026-09-21 08:54:57	CollectHsMetrics	Processed    71,000,000 records.  Elapsed time: 00:11:16s.  Time for last 1,000,000:    9s.  Last read position: chr9:22,323,984
INFO	2026-09-21 08:55:06	CollectHsMetrics	Processed    72,000,000 records.  Elapsed time: 00:11:25s.  Time for last 1,000,000:    9s.  Last read position: chr9:99,222,355
INFO	2026-09-21 08:55:16	CollectHsMetrics	Processed    73,000,000 records.  Elapsed time: 00:11:34s.  Time for last 1,000,000:    9s.  Last read position: chr2_KI270769v1_alt:87,259
INFO	2026-09-21 08:55:21	CollectHsMetrics	Processed    74,000,000 records.  Elapsed time: 00:11:40s.  Time for last 1,000,000:    5s.  Last read position: chr15_KI270905v1_alt:3,260,590
INFO	2026-09-21 08:55:27	CollectHsMetrics	Processed    75,000,000 records.  Elapsed time: 00:11:46s.  Time for last 1,000,000:    6s.  Last read position: chrX:17,864,820
INFO	2026-09-21 08:55:37	CollectHsMetrics	Processed    76,000,000 records.  Elapsed time: 00:11:55s.  Time for last 1,000,000:    9s.  Last read position: chrX:65,518,061
INFO	2026-09-21 08:55:46	CollectHsMetrics	Processed    77,000,000 records.  Elapsed time: 00:12:04s.  Time for last 1,000,000:    9s.  Last read position: chrX:120,547,083
INFO	2026-09-21 08:55:54	CollectHsMetrics	Processed    78,000,000 records.  Elapsed time: 00:12:13s.  Time for last 1,000,000:    8s.  Last read position: chr6_KV766194v1_fix:52,436
INFO	2026-09-21 08:55:59	CollectHsMetrics	Processed    79,000,000 records.  Elapsed time: 00:12:18s.  Time for last 1,000,000:    5s.  Last read position: chr1_MU273333v1_fix:1,447,756
INFO	2026-09-21 08:56:07	TheoreticalSensitivity	Creating Roulette Wheel
INFO	2026-09-21 08:56:07	TheoreticalSensitivity	Calculating quality sums from quality sampler
INFO	2026-09-21 08:56:07	TheoreticalSensitivity	0 sampling iterations completed
INFO	2026-09-21 08:56:07	TheoreticalSensitivity	1000 sampling iterations completed
INFO	2026-09-21 08:56:07	TheoreticalSensitivity	2000 sampling iterations completed
INFO	2026-09-21 08:56:07	TheoreticalSensitivity	3000 sampling iterations completed
INFO	2026-09-21 08:56:08	TheoreticalSensitivity	4000 sampling iterations completed
INFO	2026-09-21 08:56:08	TheoreticalSensitivity	5000 sampling iterations completed
INFO	2026-09-21 08:56:08	TheoreticalSensitivity	6000 sampling iterations completed
INFO	2026-09-21 08:56:08	TheoreticalSensitivity	7000 sampling iterations completed
INFO	2026-09-21 08:56:09	TheoreticalSensitivity	8000 sampling iterations completed
INFO	2026-09-21 08:56:09	TheoreticalSensitivity	9000 sampling iterations completed
INFO	2026-09-21 08:56:09	TheoreticalSensitivity	Calculating theoretical het sensitivity
INFO	2026-09-21 08:56:09	TargetMetricsCollector	Calculating GC metrics
[Mon Sep 21 08:56:10 CST 2026] picard.analysis.directed.CollectHsMetrics done. Elapsed time: 12.91 minutes.
Runtime.totalMemory()=2105540608
Using GATK jar /lustre1/share/miniconda3/envs/wes/share/gatk4-4.6.2.0-1/gatk-package-4.6.2.0-local.jar
Running:
    java -Dsamjdk.use_async_io_read_samtools=false -Dsamjdk.use_async_io_write_samtools=true -Dsamjdk.use_async_io_write_tribble=false -Dsamjdk.compression_level=2 -Xmx8g -jar /lustre1/share/miniconda3/envs/wes/share/gatk4-4.6.2.0-1/gatk-package-4.6.2.0-local.jar CollectHsMetrics -I /lustre1/user/bjx131_pkuhpc/wes_run_full_20260920/1_alignment/PBMC/blood_sorted.markdup.BQSR.bam -O /lustre1/user/bjx131_pkuhpc/wes_run_full_20260920/qc/full_PBMC.hs_metrics.txt --TARGET_INTERVALS /lustre1/user/bjx131_pkuhpc/wes_run_full_20260920/qc/targets.interval_list --BAIT_INTERVALS /lustre1/user/bjx131_pkuhpc/wes_run_full_20260920/qc/targets.interval_list --REFERENCE_SEQUENCE /lustre1/share/references/hg38.fa
08:56:11.719 INFO  NativeLibraryLoader - Loading libgkl_compression.so from jar:file:/lustre1/share/miniconda3/envs/wes/share/gatk4-4.6.2.0-1/gatk-package-4.6.2.0-local.jar!/com/intel/gkl/native/libgkl_compression.so
[Mon Sep 21 08:56:11 CST 2026] CollectHsMetrics --BAIT_INTERVALS /lustre1/user/bjx131_pkuhpc/wes_run_full_20260920/qc/targets.interval_list --TARGET_INTERVALS /lustre1/user/bjx131_pkuhpc/wes_run_full_20260920/qc/targets.interval_list --INPUT /lustre1/user/bjx131_pkuhpc/wes_run_full_20260920/1_alignment/PBMC/blood_sorted.markdup.BQSR.bam --OUTPUT /lustre1/user/bjx131_pkuhpc/wes_run_full_20260920/qc/full_PBMC.hs_metrics.txt --REFERENCE_SEQUENCE /lustre1/share/references/hg38.fa --METRIC_ACCUMULATION_LEVEL ALL_READS --NEAR_DISTANCE 250 --MINIMUM_MAPPING_QUALITY 20 --MINIMUM_BASE_QUALITY 20 --CLIP_OVERLAPPING_READS true --INCLUDE_INDELS false --COVERAGE_CAP 200 --SAMPLE_SIZE 10000 --ALLELE_FRACTION 0.001 --ALLELE_FRACTION 0.005 --ALLELE_FRACTION 0.01 --ALLELE_FRACTION 0.02 --ALLELE_FRACTION 0.05 --ALLELE_FRACTION 0.1 --ALLELE_FRACTION 0.2 --ALLELE_FRACTION 0.3 --ALLELE_FRACTION 0.5 --VERBOSITY INFO --QUIET false --VALIDATION_STRINGENCY STRICT --COMPRESSION_LEVEL 2 --MAX_RECORDS_IN_RAM 500000 --CREATE_INDEX false --CREATE_MD5_FILE false --help false --version false --showHidden false --USE_JDK_DEFLATER false --USE_JDK_INFLATER false
[Mon Sep 21 08:56:11 CST 2026] Executing as bjx131_pkuhpc@s29b00n60 on Linux 4.18.0-477.10.1.el8_8.x86_64 amd64; OpenJDK 64-Bit Server VM 17.0.3-internal+0-adhoc..src; Deflater: Intel; Inflater: Intel; Provider GCS is available; Picard version: Version:4.6.2.0
INFO	2026-09-21 08:56:28	CollectHsMetrics	Processed     1,000,000 records.  Elapsed time: 00:00:12s.  Time for last 1,000,000:   12s.  Last read position: chr1:12,795,589
INFO	2026-09-21 08:56:38	CollectHsMetrics	Processed     2,000,000 records.  Elapsed time: 00:00:22s.  Time for last 1,000,000:   10s.  Last read position: chr1:27,347,791
INFO	2026-09-21 08:56:49	CollectHsMetrics	Processed     3,000,000 records.  Elapsed time: 00:00:33s.  Time for last 1,000,000:   10s.  Last read position: chr1:42,767,705
INFO	2026-09-21 08:57:00	CollectHsMetrics	Processed     4,000,000 records.  Elapsed time: 00:00:44s.  Time for last 1,000,000:   11s.  Last read position: chr1:66,076,813
INFO	2026-09-21 08:57:11	CollectHsMetrics	Processed     5,000,000 records.  Elapsed time: 00:00:55s.  Time for last 1,000,000:   10s.  Last read position: chr1:111,238,776
INFO	2026-09-21 08:57:21	CollectHsMetrics	Processed     6,000,000 records.  Elapsed time: 00:01:05s.  Time for last 1,000,000:    9s.  Last read position: chr1:151,895,119
INFO	2026-09-21 08:57:32	CollectHsMetrics	Processed     7,000,000 records.  Elapsed time: 00:01:15s.  Time for last 1,000,000:   10s.  Last read position: chr1:161,051,664
INFO	2026-09-21 08:57:42	CollectHsMetrics	Processed     8,000,000 records.  Elapsed time: 00:01:26s.  Time for last 1,000,000:   10s.  Last read position: chr1:193,121,644
INFO	2026-09-21 08:57:53	CollectHsMetrics	Processed     9,000,000 records.  Elapsed time: 00:01:37s.  Time for last 1,000,000:   10s.  Last read position: chr1:219,609,730
INFO	2026-09-21 08:58:03	CollectHsMetrics	Processed    10,000,000 records.  Elapsed time: 00:01:47s.  Time for last 1,000,000:   10s.  Last read position: chr1:248,847,322
INFO	2026-09-21 08:58:13	CollectHsMetrics	Processed    11,000,000 records.  Elapsed time: 00:01:57s.  Time for last 1,000,000:   10s.  Last read position: chr10:46,015,522
INFO	2026-09-21 08:58:23	CollectHsMetrics	Processed    12,000,000 records.  Elapsed time: 00:02:07s.  Time for last 1,000,000:   10s.  Last read position: chr10:80,274,654
INFO	2026-09-21 08:58:34	CollectHsMetrics	Processed    13,000,000 records.  Elapsed time: 00:02:18s.  Time for last 1,000,000:   10s.  Last read position: chr10:103,090,812
INFO	2026-09-21 08:58:45	CollectHsMetrics	Processed    14,000,000 records.  Elapsed time: 00:02:28s.  Time for last 1,000,000:   10s.  Last read position: chr11:233,576
INFO	2026-09-21 08:58:55	CollectHsMetrics	Processed    15,000,000 records.  Elapsed time: 00:02:39s.  Time for last 1,000,000:   10s.  Last read position: chr11:14,968,604
INFO	2026-09-21 08:59:06	CollectHsMetrics	Processed    16,000,000 records.  Elapsed time: 00:02:50s.  Time for last 1,000,000:   10s.  Last read position: chr11:56,015,492
INFO	2026-09-21 08:59:17	CollectHsMetrics	Processed    17,000,000 records.  Elapsed time: 00:03:01s.  Time for last 1,000,000:   11s.  Last read position: chr11:65,295,824
INFO	2026-09-21 08:59:28	CollectHsMetrics	Processed    18,000,000 records.  Elapsed time: 00:03:11s.  Time for last 1,000,000:   10s.  Last read position: chr11:75,423,798
INFO	2026-09-21 08:59:38	CollectHsMetrics	Processed    19,000,000 records.  Elapsed time: 00:03:22s.  Time for last 1,000,000:   10s.  Last read position: chr11:117,187,376
INFO	2026-09-21 08:59:49	CollectHsMetrics	Processed    20,000,000 records.  Elapsed time: 00:03:33s.  Time for last 1,000,000:   10s.  Last read position: chr12:1,968,455
INFO	2026-09-21 09:00:00	CollectHsMetrics	Processed    21,000,000 records.  Elapsed time: 00:03:44s.  Time for last 1,000,000:   10s.  Last read position: chr12:29,445,319
INFO	2026-09-21 09:00:11	CollectHsMetrics	Processed    22,000,000 records.  Elapsed time: 00:03:55s.  Time for last 1,000,000:   11s.  Last read position: chr12:53,019,996
INFO	2026-09-21 09:00:23	CollectHsMetrics	Processed    23,000,000 records.  Elapsed time: 00:04:07s.  Time for last 1,000,000:   11s.  Last read position: chr12:70,562,826
INFO	2026-09-21 09:00:34	CollectHsMetrics	Processed    24,000,000 records.  Elapsed time: 00:04:18s.  Time for last 1,000,000:   11s.  Last read position: chr12:110,530,435
INFO	2026-09-21 09:00:45	CollectHsMetrics	Processed    25,000,000 records.  Elapsed time: 00:04:29s.  Time for last 1,000,000:   10s.  Last read position: chr12:131,911,911
INFO	2026-09-21 09:00:56	CollectHsMetrics	Processed    26,000,000 records.  Elapsed time: 00:04:40s.  Time for last 1,000,000:   10s.  Last read position: chr13:51,347,106
INFO	2026-09-21 09:01:06	CollectHsMetrics	Processed    27,000,000 records.  Elapsed time: 00:04:50s.  Time for last 1,000,000:   10s.  Last read position: chr14:21,325,996
INFO	2026-09-21 09:01:17	CollectHsMetrics	Processed    28,000,000 records.  Elapsed time: 00:05:01s.  Time for last 1,000,000:   10s.  Last read position: chr14:56,609,183
INFO	2026-09-21 09:01:29	CollectHsMetrics	Processed    29,000,000 records.  Elapsed time: 00:05:12s.  Time for last 1,000,000:   11s.  Last read position: chr14:81,504,125
INFO	2026-09-21 09:01:39	CollectHsMetrics	Processed    30,000,000 records.  Elapsed time: 00:05:23s.  Time for last 1,000,000:   10s.  Last read position: chr15:23,131,200
INFO	2026-09-21 09:01:50	CollectHsMetrics	Processed    31,000,000 records.  Elapsed time: 00:05:34s.  Time for last 1,000,000:   10s.  Last read position: chr15:43,874,502
INFO	2026-09-21 09:02:01	CollectHsMetrics	Processed    32,000,000 records.  Elapsed time: 00:05:45s.  Time for last 1,000,000:   11s.  Last read position: chr15:69,391,411
INFO	2026-09-21 09:02:11	CollectHsMetrics	Processed    33,000,000 records.  Elapsed time: 00:05:55s.  Time for last 1,000,000:   10s.  Last read position: chr15:89,690,564
INFO	2026-09-21 09:02:23	CollectHsMetrics	Processed    34,000,000 records.  Elapsed time: 00:06:07s.  Time for last 1,000,000:   11s.  Last read position: chr16:2,530,904
INFO	2026-09-21 09:02:33	CollectHsMetrics	Processed    35,000,000 records.  Elapsed time: 00:06:17s.  Time for last 1,000,000:   10s.  Last read position: chr16:23,710,230
INFO	2026-09-21 09:02:44	CollectHsMetrics	Processed    36,000,000 records.  Elapsed time: 00:06:28s.  Time for last 1,000,000:   10s.  Last read position: chr16:52,439,701
INFO	2026-09-21 09:02:55	CollectHsMetrics	Processed    37,000,000 records.  Elapsed time: 00:06:39s.  Time for last 1,000,000:   11s.  Last read position: chr16:71,025,354
INFO	2026-09-21 09:03:06	CollectHsMetrics	Processed    38,000,000 records.  Elapsed time: 00:06:49s.  Time for last 1,000,000:   10s.  Last read position: chr17:1,728,380
INFO	2026-09-21 09:03:17	CollectHsMetrics	Processed    39,000,000 records.  Elapsed time: 00:07:01s.  Time for last 1,000,000:   11s.  Last read position: chr17:9,969,244
INFO	2026-09-21 09:03:28	CollectHsMetrics	Processed    40,000,000 records.  Elapsed time: 00:07:12s.  Time for last 1,000,000:   10s.  Last read position: chr17:29,695,416
INFO	2026-09-21 09:03:38	CollectHsMetrics	Processed    41,000,000 records.  Elapsed time: 00:07:22s.  Time for last 1,000,000:   10s.  Last read position: chr17:43,104,829
INFO	2026-09-21 09:03:49	CollectHsMetrics	Processed    42,000,000 records.  Elapsed time: 00:07:33s.  Time for last 1,000,000:   11s.  Last read position: chr17:59,388,550
INFO	2026-09-21 09:04:01	CollectHsMetrics	Processed    43,000,000 records.  Elapsed time: 00:07:44s.  Time for last 1,000,000:   11s.  Last read position: chr17:76,173,709
INFO	2026-09-21 09:04:12	CollectHsMetrics	Processed    44,000,000 records.  Elapsed time: 00:07:56s.  Time for last 1,000,000:   11s.  Last read position: chr18:11,148,353
INFO	2026-09-21 09:04:22	CollectHsMetrics	Processed    45,000,000 records.  Elapsed time: 00:08:06s.  Time for last 1,000,000:   10s.  Last read position: chr18:63,720,025
INFO	2026-09-21 09:04:34	CollectHsMetrics	Processed    46,000,000 records.  Elapsed time: 00:08:18s.  Time for last 1,000,000:   11s.  Last read position: chr19:5,150,024
INFO	2026-09-21 09:04:45	CollectHsMetrics	Processed    47,000,000 records.  Elapsed time: 00:08:29s.  Time for last 1,000,000:   11s.  Last read position: chr19:12,133,301
INFO	2026-09-21 09:04:57	CollectHsMetrics	Processed    48,000,000 records.  Elapsed time: 00:08:40s.  Time for last 1,000,000:   11s.  Last read position: chr19:19,270,304
INFO	2026-09-21 09:05:08	CollectHsMetrics	Processed    49,000,000 records.  Elapsed time: 00:08:52s.  Time for last 1,000,000:   11s.  Last read position: chr19:40,395,321
INFO	2026-09-21 09:05:19	CollectHsMetrics	Processed    50,000,000 records.  Elapsed time: 00:09:03s.  Time for last 1,000,000:   11s.  Last read position: chr19:48,279,702
INFO	2026-09-21 09:05:31	CollectHsMetrics	Processed    51,000,000 records.  Elapsed time: 00:09:15s.  Time for last 1,000,000:   11s.  Last read position: chr19:55,483,799
INFO	2026-09-21 09:05:42	CollectHsMetrics	Processed    52,000,000 records.  Elapsed time: 00:09:26s.  Time for last 1,000,000:   11s.  Last read position: chr2:26,310,792
INFO	2026-09-21 09:05:53	CollectHsMetrics	Processed    53,000,000 records.  Elapsed time: 00:09:37s.  Time for last 1,000,000:   11s.  Last read position: chr2:55,181,676
INFO	2026-09-21 09:06:04	CollectHsMetrics	Processed    54,000,000 records.  Elapsed time: 00:09:47s.  Time for last 1,000,000:   10s.  Last read position: chr2:95,798,678
INFO	2026-09-21 09:06:14	CollectHsMetrics	Processed    55,000,000 records.  Elapsed time: 00:09:58s.  Time for last 1,000,000:   10s.  Last read position: chr2:130,500,510
INFO	2026-09-21 09:06:25	CollectHsMetrics	Processed    56,000,000 records.  Elapsed time: 00:10:09s.  Time for last 1,000,000:   10s.  Last read position: chr2:177,550,717
INFO	2026-09-21 09:06:37	CollectHsMetrics	Processed    57,000,000 records.  Elapsed time: 00:10:20s.  Time for last 1,000,000:   11s.  Last read position: chr2:209,959,683
INFO	2026-09-21 09:06:48	CollectHsMetrics	Processed    58,000,000 records.  Elapsed time: 00:10:32s.  Time for last 1,000,000:   11s.  Last read position: chr2:233,807,266
INFO	2026-09-21 09:06:59	CollectHsMetrics	Processed    59,000,000 records.  Elapsed time: 00:10:43s.  Time for last 1,000,000:   11s.  Last read position: chr20:17,605,113
INFO	2026-09-21 09:07:10	CollectHsMetrics	Processed    60,000,000 records.  Elapsed time: 00:10:54s.  Time for last 1,000,000:   11s.  Last read position: chr20:41,489,546
INFO	2026-09-21 09:07:21	CollectHsMetrics	Processed    61,000,000 records.  Elapsed time: 00:11:05s.  Time for last 1,000,000:   11s.  Last read position: chr20:63,546,868
INFO	2026-09-21 09:07:32	CollectHsMetrics	Processed    62,000,000 records.  Elapsed time: 00:11:15s.  Time for last 1,000,000:   10s.  Last read position: chr21:44,722,834
INFO	2026-09-21 09:07:42	CollectHsMetrics	Processed    63,000,000 records.  Elapsed time: 00:11:26s.  Time for last 1,000,000:   10s.  Last read position: chr22:26,506,856
INFO	2026-09-21 09:07:53	CollectHsMetrics	Processed    64,000,000 records.  Elapsed time: 00:11:37s.  Time for last 1,000,000:   11s.  Last read position: chr22:41,230,095
INFO	2026-09-21 09:08:04	CollectHsMetrics	Processed    65,000,000 records.  Elapsed time: 00:11:48s.  Time for last 1,000,000:   10s.  Last read position: chr3:10,925,881
INFO	2026-09-21 09:08:15	CollectHsMetrics	Processed    66,000,000 records.  Elapsed time: 00:11:59s.  Time for last 1,000,000:   10s.  Last read position: chr3:45,458,646
INFO	2026-09-21 09:08:27	CollectHsMetrics	Processed    67,000,000 records.  Elapsed time: 00:12:11s.  Time for last 1,000,000:   12s.  Last read position: chr3:52,413,957
INFO	2026-09-21 09:08:38	CollectHsMetrics	Processed    68,000,000 records.  Elapsed time: 00:12:22s.  Time for last 1,000,000:   10s.  Last read position: chr3:111,885,140
INFO	2026-09-21 09:08:49	CollectHsMetrics	Processed    69,000,000 records.  Elapsed time: 00:12:33s.  Time for last 1,000,000:   11s.  Last read position: chr3:136,102,048
INFO	2026-09-21 09:09:00	CollectHsMetrics	Processed    70,000,000 records.  Elapsed time: 00:12:44s.  Time for last 1,000,000:   11s.  Last read position: chr3:184,358,111
INFO	2026-09-21 09:09:11	CollectHsMetrics	Processed    71,000,000 records.  Elapsed time: 00:12:55s.  Time for last 1,000,000:   10s.  Last read position: chr4:8,607,234
INFO	2026-09-21 09:09:21	CollectHsMetrics	Processed    72,000,000 records.  Elapsed time: 00:13:05s.  Time for last 1,000,000:   10s.  Last read position: chr4:70,606,430
INFO	2026-09-21 09:09:32	CollectHsMetrics	Processed    73,000,000 records.  Elapsed time: 00:13:16s.  Time for last 1,000,000:   11s.  Last read position: chr4:118,513,402
INFO	2026-09-21 09:09:43	CollectHsMetrics	Processed    74,000,000 records.  Elapsed time: 00:13:27s.  Time for last 1,000,000:   10s.  Last read position: chr4:185,996,350
INFO	2026-09-21 09:09:54	CollectHsMetrics	Processed    75,000,000 records.  Elapsed time: 00:13:38s.  Time for last 1,000,000:   10s.  Last read position: chr5:55,270,607
INFO	2026-09-21 09:10:05	CollectHsMetrics	Processed    76,000,000 records.  Elapsed time: 00:13:49s.  Time for last 1,000,000:   10s.  Last read position: chr5:114,363,010
INFO	2026-09-21 09:10:16	CollectHsMetrics	Processed    77,000,000 records.  Elapsed time: 00:14:00s.  Time for last 1,000,000:   11s.  Last read position: chr5:143,207,399
INFO	2026-09-21 09:10:27	CollectHsMetrics	Processed    78,000,000 records.  Elapsed time: 00:14:11s.  Time for last 1,000,000:   11s.  Last read position: chr5:177,022,627
INFO	2026-09-21 09:10:38	CollectHsMetrics	Processed    79,000,000 records.  Elapsed time: 00:14:22s.  Time for last 1,000,000:   10s.  Last read position: chr6:28,244,967
INFO	2026-09-21 09:10:48	CollectHsMetrics	Processed    80,000,000 records.  Elapsed time: 00:14:32s.  Time for last 1,000,000:   10s.  Last read position: chr6:44,265,203
INFO	2026-09-21 09:11:00	CollectHsMetrics	Processed    81,000,000 records.  Elapsed time: 00:14:43s.  Time for last 1,000,000:   11s.  Last read position: chr6:104,939,968
INFO	2026-09-21 09:11:11	CollectHsMetrics	Processed    82,000,000 records.  Elapsed time: 00:14:54s.  Time for last 1,000,000:   11s.  Last read position: chr6:149,918,167
INFO	2026-09-21 09:11:21	CollectHsMetrics	Processed    83,000,000 records.  Elapsed time: 00:15:05s.  Time for last 1,000,000:   10s.  Last read position: chr7:6,425,889
INFO	2026-09-21 09:11:32	CollectHsMetrics	Processed    84,000,000 records.  Elapsed time: 00:15:16s.  Time for last 1,000,000:   10s.  Last read position: chr7:47,839,389
INFO	2026-09-21 09:11:43	CollectHsMetrics	Processed    85,000,000 records.  Elapsed time: 00:15:26s.  Time for last 1,000,000:   10s.  Last read position: chr7:94,427,283
INFO	2026-09-21 09:11:54	CollectHsMetrics	Processed    86,000,000 records.  Elapsed time: 00:15:38s.  Time for last 1,000,000:   11s.  Last read position: chr7:117,594,905
INFO	2026-09-21 09:12:04	CollectHsMetrics	Processed    87,000,000 records.  Elapsed time: 00:15:48s.  Time for last 1,000,000:   10s.  Last read position: chr7:149,797,243
INFO	2026-09-21 09:12:15	CollectHsMetrics	Processed    88,000,000 records.  Elapsed time: 00:15:59s.  Time for last 1,000,000:   10s.  Last read position: chr8:25,411,147
INFO	2026-09-21 09:12:26	CollectHsMetrics	Processed    89,000,000 records.  Elapsed time: 00:16:10s.  Time for last 1,000,000:   10s.  Last read position: chr8:72,937,540
INFO	2026-09-21 09:12:37	CollectHsMetrics	Processed    90,000,000 records.  Elapsed time: 00:16:20s.  Time for last 1,000,000:   10s.  Last read position: chr8:131,904,458
INFO	2026-09-21 09:12:47	CollectHsMetrics	Processed    91,000,000 records.  Elapsed time: 00:16:31s.  Time for last 1,000,000:   10s.  Last read position: chr9:19,120,913
INFO	2026-09-21 09:12:58	CollectHsMetrics	Processed    92,000,000 records.  Elapsed time: 00:16:42s.  Time for last 1,000,000:   10s.  Last read position: chr9:81,932,038
INFO	2026-09-21 09:13:09	CollectHsMetrics	Processed    93,000,000 records.  Elapsed time: 00:16:53s.  Time for last 1,000,000:   10s.  Last read position: chr9:114,047,820
INFO	2026-09-21 09:13:20	CollectHsMetrics	Processed    94,000,000 records.  Elapsed time: 00:17:04s.  Time for last 1,000,000:   11s.  Last read position: chr9:131,032,092
INFO	2026-09-21 09:13:30	CollectHsMetrics	Processed    95,000,000 records.  Elapsed time: 00:17:14s.  Time for last 1,000,000:    9s.  Last read position: chr5_KI270791v1_alt:26,478
INFO	2026-09-21 09:13:35	CollectHsMetrics	Processed    96,000,000 records.  Elapsed time: 00:17:19s.  Time for last 1,000,000:    4s.  Last read position: chr21_KI270872v1_alt:14,353
INFO	2026-09-21 09:13:40	CollectHsMetrics	Processed    97,000,000 records.  Elapsed time: 00:17:24s.  Time for last 1,000,000:    5s.  Last read position: chr6_GL000256v2_alt:4,881,450
INFO	2026-09-21 09:13:50	CollectHsMetrics	Processed    98,000,000 records.  Elapsed time: 00:17:34s.  Time for last 1,000,000:   10s.  Last read position: chrX:43,743,695
INFO	2026-09-21 09:14:02	CollectHsMetrics	Processed    99,000,000 records.  Elapsed time: 00:17:45s.  Time for last 1,000,000:   11s.  Last read position: chrX:71,246,058
INFO	2026-09-21 09:14:13	CollectHsMetrics	Processed   100,000,000 records.  Elapsed time: 00:17:57s.  Time for last 1,000,000:   11s.  Last read position: chrX:119,943,478
INFO	2026-09-21 09:14:24	CollectHsMetrics	Processed   101,000,000 records.  Elapsed time: 00:18:08s.  Time for last 1,000,000:   10s.  Last read position: chrX:155,228,341
INFO	2026-09-21 09:14:29	CollectHsMetrics	Processed   102,000,000 records.  Elapsed time: 00:18:12s.  Time for last 1,000,000:    4s.  Last read position: chr17_KV766198v1_alt:261,127
INFO	2026-09-21 09:14:33	CollectHsMetrics	Processed   103,000,000 records.  Elapsed time: 00:18:17s.  Time for last 1,000,000:    4s.  Last read position: chr11_KQ759759v2_fix:82,452
INFO	2026-09-21 09:14:41	TheoreticalSensitivity	Creating Roulette Wheel
INFO	2026-09-21 09:14:41	TheoreticalSensitivity	Calculating quality sums from quality sampler
INFO	2026-09-21 09:14:41	TheoreticalSensitivity	0 sampling iterations completed
INFO	2026-09-21 09:14:41	TheoreticalSensitivity	1000 sampling iterations completed
INFO	2026-09-21 09:14:41	TheoreticalSensitivity	2000 sampling iterations completed
INFO	2026-09-21 09:14:42	TheoreticalSensitivity	3000 sampling iterations completed
INFO	2026-09-21 09:14:42	TheoreticalSensitivity	4000 sampling iterations completed
INFO	2026-09-21 09:14:42	TheoreticalSensitivity	5000 sampling iterations completed
INFO	2026-09-21 09:14:42	TheoreticalSensitivity	6000 sampling iterations completed
INFO	2026-09-21 09:14:43	TheoreticalSensitivity	7000 sampling iterations completed
INFO	2026-09-21 09:14:43	TheoreticalSensitivity	8000 sampling iterations completed
INFO	2026-09-21 09:14:43	TheoreticalSensitivity	9000 sampling iterations completed
INFO	2026-09-21 09:14:44	TheoreticalSensitivity	Calculating theoretical het sensitivity
INFO	2026-09-21 09:14:44	TargetMetricsCollector	Calculating GC metrics
[Mon Sep 21 09:14:44 CST 2026] picard.analysis.directed.CollectHsMetrics done. Elapsed time: 18.55 minutes.
Runtime.totalMemory()=3581935616
Using GATK jar /lustre1/share/miniconda3/envs/wes/share/gatk4-4.6.2.0-1/gatk-package-4.6.2.0-local.jar
Running:
    java -Dsamjdk.use_async_io_read_samtools=false -Dsamjdk.use_async_io_write_samtools=true -Dsamjdk.use_async_io_write_tribble=false -Dsamjdk.compression_level=2 -Xmx8g -jar /lustre1/share/miniconda3/envs/wes/share/gatk4-4.6.2.0-1/gatk-package-4.6.2.0-local.jar CollectHsMetrics -I /lustre1/user/bjx131_pkuhpc/wes_run_cluster_20260914/1_alignment/OC/OC_sorted.markdup.BQSR.bam -O /lustre1/user/bjx131_pkuhpc/wes_run_full_20260920/qc/demo_OC.hs_metrics.txt --TARGET_INTERVALS /lustre1/user/bjx131_pkuhpc/wes_run_full_20260920/qc/targets.interval_list --BAIT_INTERVALS /lustre1/user/bjx131_pkuhpc/wes_run_full_20260920/qc/targets.interval_list --REFERENCE_SEQUENCE /lustre1/share/references/hg38.fa
09:14:46.621 INFO  NativeLibraryLoader - Loading libgkl_compression.so from jar:file:/lustre1/share/miniconda3/envs/wes/share/gatk4-4.6.2.0-1/gatk-package-4.6.2.0-local.jar!/com/intel/gkl/native/libgkl_compression.so
[Mon Sep 21 09:14:46 CST 2026] CollectHsMetrics --BAIT_INTERVALS /lustre1/user/bjx131_pkuhpc/wes_run_full_20260920/qc/targets.interval_list --TARGET_INTERVALS /lustre1/user/bjx131_pkuhpc/wes_run_full_20260920/qc/targets.interval_list --INPUT /lustre1/user/bjx131_pkuhpc/wes_run_cluster_20260914/1_alignment/OC/OC_sorted.markdup.BQSR.bam --OUTPUT /lustre1/user/bjx131_pkuhpc/wes_run_full_20260920/qc/demo_OC.hs_metrics.txt --REFERENCE_SEQUENCE /lustre1/share/references/hg38.fa --METRIC_ACCUMULATION_LEVEL ALL_READS --NEAR_DISTANCE 250 --MINIMUM_MAPPING_QUALITY 20 --MINIMUM_BASE_QUALITY 20 --CLIP_OVERLAPPING_READS true --INCLUDE_INDELS false --COVERAGE_CAP 200 --SAMPLE_SIZE 10000 --ALLELE_FRACTION 0.001 --ALLELE_FRACTION 0.005 --ALLELE_FRACTION 0.01 --ALLELE_FRACTION 0.02 --ALLELE_FRACTION 0.05 --ALLELE_FRACTION 0.1 --ALLELE_FRACTION 0.2 --ALLELE_FRACTION 0.3 --ALLELE_FRACTION 0.5 --VERBOSITY INFO --QUIET false --VALIDATION_STRINGENCY STRICT --COMPRESSION_LEVEL 2 --MAX_RECORDS_IN_RAM 500000 --CREATE_INDEX false --CREATE_MD5_FILE false --help false --version false --showHidden false --USE_JDK_DEFLATER false --USE_JDK_INFLATER false
[Mon Sep 21 09:14:46 CST 2026] Executing as bjx131_pkuhpc@s29b00n60 on Linux 4.18.0-477.10.1.el8_8.x86_64 amd64; OpenJDK 64-Bit Server VM 17.0.3-internal+0-adhoc..src; Deflater: Intel; Inflater: Intel; Provider GCS is available; Picard version: Version:4.6.2.0
INFO	2026-09-21 09:14:59	TheoreticalSensitivity	Creating Roulette Wheel
INFO	2026-09-21 09:14:59	TheoreticalSensitivity	Calculating quality sums from quality sampler
INFO	2026-09-21 09:14:59	TheoreticalSensitivity	0 sampling iterations completed
INFO	2026-09-21 09:14:59	TheoreticalSensitivity	1000 sampling iterations completed
INFO	2026-09-21 09:15:00	TheoreticalSensitivity	2000 sampling iterations completed
INFO	2026-09-21 09:15:00	TheoreticalSensitivity	3000 sampling iterations completed
INFO	2026-09-21 09:15:00	TheoreticalSensitivity	4000 sampling iterations completed
INFO	2026-09-21 09:15:01	TheoreticalSensitivity	5000 sampling iterations completed
INFO	2026-09-21 09:15:01	TheoreticalSensitivity	6000 sampling iterations completed
INFO	2026-09-21 09:15:01	TheoreticalSensitivity	7000 sampling iterations completed
INFO	2026-09-21 09:15:01	TheoreticalSensitivity	8000 sampling iterations completed
INFO	2026-09-21 09:15:02	TheoreticalSensitivity	9000 sampling iterations completed
INFO	2026-09-21 09:15:02	TheoreticalSensitivity	Calculating theoretical het sensitivity
INFO	2026-09-21 09:15:02	TargetMetricsCollector	Calculating GC metrics
[Mon Sep 21 09:15:03 CST 2026] picard.analysis.directed.CollectHsMetrics done. Elapsed time: 0.27 minutes.
Runtime.totalMemory()=3716153344
Using GATK jar /lustre1/share/miniconda3/envs/wes/share/gatk4-4.6.2.0-1/gatk-package-4.6.2.0-local.jar
Running:
    java -Dsamjdk.use_async_io_read_samtools=false -Dsamjdk.use_async_io_write_samtools=true -Dsamjdk.use_async_io_write_tribble=false -Dsamjdk.compression_level=2 -Xmx8g -jar /lustre1/share/miniconda3/envs/wes/share/gatk4-4.6.2.0-1/gatk-package-4.6.2.0-local.jar CollectHsMetrics -I /lustre1/user/bjx131_pkuhpc/wes_run_cluster_20260914/1_alignment/PBMC/blood_sorted.markdup.BQSR.bam -O /lustre1/user/bjx131_pkuhpc/wes_run_full_20260920/qc/demo_PBMC.hs_metrics.txt --TARGET_INTERVALS /lustre1/user/bjx131_pkuhpc/wes_run_full_20260920/qc/targets.interval_list --BAIT_INTERVALS /lustre1/user/bjx131_pkuhpc/wes_run_full_20260920/qc/targets.interval_list --REFERENCE_SEQUENCE /lustre1/share/references/hg38.fa
09:15:04.691 INFO  NativeLibraryLoader - Loading libgkl_compression.so from jar:file:/lustre1/share/miniconda3/envs/wes/share/gatk4-4.6.2.0-1/gatk-package-4.6.2.0-local.jar!/com/intel/gkl/native/libgkl_compression.so
[Mon Sep 21 09:15:04 CST 2026] CollectHsMetrics --BAIT_INTERVALS /lustre1/user/bjx131_pkuhpc/wes_run_full_20260920/qc/targets.interval_list --TARGET_INTERVALS /lustre1/user/bjx131_pkuhpc/wes_run_full_20260920/qc/targets.interval_list --INPUT /lustre1/user/bjx131_pkuhpc/wes_run_cluster_20260914/1_alignment/PBMC/blood_sorted.markdup.BQSR.bam --OUTPUT /lustre1/user/bjx131_pkuhpc/wes_run_full_20260920/qc/demo_PBMC.hs_metrics.txt --REFERENCE_SEQUENCE /lustre1/share/references/hg38.fa --METRIC_ACCUMULATION_LEVEL ALL_READS --NEAR_DISTANCE 250 --MINIMUM_MAPPING_QUALITY 20 --MINIMUM_BASE_QUALITY 20 --CLIP_OVERLAPPING_READS true --INCLUDE_INDELS false --COVERAGE_CAP 200 --SAMPLE_SIZE 10000 --ALLELE_FRACTION 0.001 --ALLELE_FRACTION 0.005 --ALLELE_FRACTION 0.01 --ALLELE_FRACTION 0.02 --ALLELE_FRACTION 0.05 --ALLELE_FRACTION 0.1 --ALLELE_FRACTION 0.2 --ALLELE_FRACTION 0.3 --ALLELE_FRACTION 0.5 --VERBOSITY INFO --QUIET false --VALIDATION_STRINGENCY STRICT --COMPRESSION_LEVEL 2 --MAX_RECORDS_IN_RAM 500000 --CREATE_INDEX false --CREATE_MD5_FILE false --help false --version false --showHidden false --USE_JDK_DEFLATER false --USE_JDK_INFLATER false
[Mon Sep 21 09:15:04 CST 2026] Executing as bjx131_pkuhpc@s29b00n60 on Linux 4.18.0-477.10.1.el8_8.x86_64 amd64; OpenJDK 64-Bit Server VM 17.0.3-internal+0-adhoc..src; Deflater: Intel; Inflater: Intel; Provider GCS is available; Picard version: Version:4.6.2.0
INFO	2026-09-21 09:15:17	TheoreticalSensitivity	Creating Roulette Wheel
INFO	2026-09-21 09:15:17	TheoreticalSensitivity	Calculating quality sums from quality sampler
INFO	2026-09-21 09:15:17	TheoreticalSensitivity	0 sampling iterations completed
INFO	2026-09-21 09:15:18	TheoreticalSensitivity	1000 sampling iterations completed
INFO	2026-09-21 09:15:18	TheoreticalSensitivity	2000 sampling iterations completed
INFO	2026-09-21 09:15:18	TheoreticalSensitivity	3000 sampling iterations completed
INFO	2026-09-21 09:15:19	TheoreticalSensitivity	4000 sampling iterations completed
INFO	2026-09-21 09:15:19	TheoreticalSensitivity	5000 sampling iterations completed
INFO	2026-09-21 09:15:19	TheoreticalSensitivity	6000 sampling iterations completed
INFO	2026-09-21 09:15:19	TheoreticalSensitivity	7000 sampling iterations completed
INFO	2026-09-21 09:15:20	TheoreticalSensitivity	8000 sampling iterations completed
INFO	2026-09-21 09:15:20	TheoreticalSensitivity	9000 sampling iterations completed
INFO	2026-09-21 09:15:20	TheoreticalSensitivity	Calculating theoretical het sensitivity
INFO	2026-09-21 09:15:21	TargetMetricsCollector	Calculating GC metrics
[Mon Sep 21 09:15:21 CST 2026] picard.analysis.directed.CollectHsMetrics done. Elapsed time: 0.28 minutes.
Runtime.totalMemory()=3552575488
