=== 10 CNVkit (full data) ===
total 47M
-rw-rw-r-- 1 bjx131_pkuhpc bjx131_pkuhpc   31 Sep 21 02:25 blood_sorted.markdup.BQSR.antitargetcoverage.cnn
-rw-rw-r-- 1 bjx131_pkuhpc bjx131_pkuhpc  12M Sep 21 02:28 blood_sorted.markdup.BQSR.targetcoverage.cnn
-rw-rw-r-- 1 bjx131_pkuhpc bjx131_pkuhpc   31 Sep 21 02:30 OC_sorted.markdup.BQSR.antitargetcoverage.cnn
-rw-rw-r-- 1 bjx131_pkuhpc bjx131_pkuhpc 510K Sep 21 02:30 OC_sorted.markdup.BQSR.bintest.cns
-rw-rw-r-- 1 bjx131_pkuhpc bjx131_pkuhpc  20K Sep 21 02:30 OC_sorted.markdup.BQSR.call.cns
-rw-rw-r-- 1 bjx131_pkuhpc bjx131_pkuhpc  13M Sep 21 02:30 OC_sorted.markdup.BQSR.cnr
-rw-rw-r-- 1 bjx131_pkuhpc bjx131_pkuhpc  37K Sep 21 02:30 OC_sorted.markdup.BQSR.cns
-rw-rw-r-- 1 bjx131_pkuhpc bjx131_pkuhpc 5.7M Sep 21 02:31 OC_sorted.markdup.BQSR-diagram.pdf
-rw-rw-r-- 1 bjx131_pkuhpc bjx131_pkuhpc 141K Sep 21 02:30 OC_sorted.markdup.BQSR-scatter.png
-rw-rw-r-- 1 bjx131_pkuhpc bjx131_pkuhpc  12M Sep 21 02:30 OC_sorted.markdup.BQSR.targetcoverage.cnn
-rw-rw-r-- 1 bjx131_pkuhpc bjx131_pkuhpc    0 Sep 21 02:25 targets.antitarget.bed
-rw-rw-r-- 1 bjx131_pkuhpc bjx131_pkuhpc 7.0M Sep 21 02:25 targets.target.bed
OC_sorted.markdup.BQSR.cnr rows: 255446
OC_sorted.markdup.BQSR.bintest.cns rows: 7973
OC_sorted.markdup.BQSR.call.cns rows: 290
OC_sorted.markdup.BQSR.cns rows: 497
OC_sorted.markdup.BQSR.call.cns rows: 290
--- segments by called cn ---
cn=0: 1 segments
cn=1: 58 segments
cn=2: 191 segments
cn=3: 39 segments
--- segments with |log2| >= 0.3 ---
chr1	12847805	13416339	-	-0.420367	1	66.4742	2.418e-09	29	20.1376
chr1	16922749	17429338	-	-0.459297	1	54.7988	2.50509e-53	162	89.6638
chr1	23310505	23559400	-	-0.474344	1	53.012	7.14472e-25	73	41.3597
chr1	26530707	26574565	-	-0.519842	1	52.3317	2.32143e-12	31	16.1801
chr1	28203789	28369934	-	-0.442634	1	54.3543	1.45397e-09	22	13.4645
chr1	120157039	145405253	-	-0.346876	1	61.1494	2.61376e-39	178	118.967
chr1	148005412	149887998	-	-0.30514	1	67.2366	6.47764e-38	192	136.73
chr1	153741203	153828390	-	-0.397926	1	55.5635	2.23051e-15	47	28.7348
chr1	155213573	155301407	-	-0.425393	1	58.9427	2.63969e-27	82	50.3955
chr1	156467899	156652982	-	-0.450345	1	56.0164	5.76647e-37	95	57.6604
chr1	159279491	159534983	-	-0.524806	1	48.5345	1.7166e-10	22	14.8615
chr1	196228171	197088406	-	-0.473016	1	40.3086	9.19532e-24	85	54.9282
chr1	198523323	198729228	-	-0.448751	1	38.7591	2.37184e-05	15	10.7236
chr1	224130483	224227926	-	0.583202	3	127.654	3.10418e-07	12	11.3064
chr1	225842324	225889204	-	0.522433	3	141.756	1.98268e-17	34	32.7445
chr2	85133759	85357268	-	-0.414337	1	56.4006	4.70669e-11	26	13.8231
chr3	9799833	9938377	-	0.491965	3	146.39	1.10038e-38	88	83.9709
chr3	38085257	38224686	-	0.480374	3	134.715	1.5333e-22	58	56.0976
chr3	44498993	44920522	-	-0.409933	1	50.2404	2.11882e-34	112	73.3191
chr3	120628292	120751032	-	0.468538	3	117.177	1.57648e-13	26	24.9382
chr3	170360290	170432764	-	0.483807	3	123.507	8.02547e-07	14	13.1851
chr4	109740868	109913468	-	0.489029	3	117.657	1.83455e-14	38	35.79
chr5	75104277	139404066	-	0.439734	3	112.797	0	3563	3346.46
chr5	139562270	140786473	-	0.456337	3	133.301	2.14305e-101	268	255.035
chr5	141302868	179207677	-	0.451277	3	129.577	0	3418	3224.23
chr5	179920172	181260850	-	0.460976	3	134.326	2.53598e-79	221	210.515
chr5	181320541	181472427	-	-0.450994	1	56.644	0.000118292	12	7.98741
chr7	99277493	99338371	-	0.509563	3	133.705	4.20088e-10	17	15.9832
chr7	142038522	143062692	-	-0.459722	1	55.2774	3.60008e-85	262	162.488
chr8	64084	692562	-	0.453178	3	118.083	3.0303e-10	54	48.663
