=== 7 CORRECTED: sequential ApplyVQSR (full data) ===
total records: 55123
PASS: 53988
unique sites: 55123
--- Ti/Tv (bcftools stats) ---
SN	0	number of samples:	2
SN	0	number of records:	53988
SN	0	number of no-ALTs:	0
SN	0	number of SNPs:	47468
SN	0	number of MNPs:	0
SN	0	number of indels:	6541
SN	0	number of others:	0
SN	0	number of multiallelic sites:	822
--- filter breakdown ---
  53988 PASS
    696 VQSRTrancheSNP99.90to100.00
    427 VQSRTrancheINDEL99.00to99.90
     12 VQSRTrancheINDEL99.90to100.00
=== 8 CORRECTED: ANNOVAR rich (installed names) ===
multianno rows: 55165
multianno columns:
Chr|Start|End|Ref|Alt|Func.refGeneWithVer|Gene.refGeneWithVer|GeneDetail.refGeneWithVer|ExonicFunc.refGeneWithVer|AAChange.refGeneWithVer|cytoBand|gnomad41_exome_AF|gnomad41_exome_AF_raw|gnomad41_exome_AF_XX|gnomad41_exome_AF_XY|gnomad41_exome_AF_grpmax|gnomad41_exome_faf95|gnomad41_exome_faf99|gnomad41_exome_fafmax_faf95_max|gnomad41_exome_fafmax_faf99_max|gnomad41_exome_AF_afr|gnomad41_exome_AF_amr|gnomad41_exome_AF_asj|gnomad41_exome_AF_eas|gnomad41_exome_AF_fin|gnomad41_exome_AF_mid|gnomad41_exome_AF_nfe|gnomad41_exome_AF_remaining|gnomad41_exome_AF_sas|SIFT_score|SIFT_converted_rankscore|SIFT_pred|SIFT4G_score|SIFT4G_converted_rankscore|SIFT4G_pred|Polyphen2_HDIV_score|Polyphen2_HDIV_rankscore|Polyphen2_HDIV_pred|Polyphen2_HVAR_score|Polyphen2_HVAR_rankscore|Polyphen2_HVAR_pred|MutationTaster_score|MutationTaster_rankscore|MutationTaster_pred|MutationAssessor_score|MutationAssessor_rankscore|MutationAssessor_pred|PROVEAN_score|PROVEAN_converted_rankscore|PROVEAN_pred|VEST4_score|VEST4_rankscore|MetaSVM_score|MetaSVM_rankscore|MetaSVM_pred|MetaLR_score|MetaLR_rankscore|MetaLR_pred|Reliability_index|MetaRNN_score|MetaRNN_rankscore|MetaRNN_pred|M-CAP_score|M-CAP_rankscore|M-CAP_pred|REVEL_score|REVEL_rankscore|MutPred2_score|MutPred2_rankscore|MutPred2_pred|MVP_score|MVP_rankscore|gMVP_score|gMVP_rankscore|MisFit_D_score|MisFit_D_rankscore|MisFit_D_pred_lenient|MisFit_D_pred_stringent|MPC_score|MPC_rankscore|PrimateAI_score|PrimateAI_rankscore|PrimateAI_pred|DEOGEN2_score|DEOGEN2_rankscore|DEOGEN2_pred|BayesDel_addAF_score|BayesDel_addAF_rankscore|BayesDel_addAF_pred|BayesDel_noAF_score|BayesDel_noAF_rankscore|BayesDel_noAF_pred|ClinPred_score|ClinPred_rankscore|ClinPred_pred|LIST-S2_score|LIST-S2_rankscore|LIST-S2_pred|VARITY_R_score|VARITY_R_rankscore|VARITY_ER_score|VARITY_ER_rankscore|VARITY_R_LOO_score|VARITY_R_LOO_rankscore|VARITY_ER_LOO_score|VARITY_ER_LOO_rankscore|ESM1b_score|ESM1b_converted_rankscore|ESM1b_pred|AlphaMissense_score|AlphaMissense_rankscore|AlphaMissense_pred|PHACTboost_score|PHACTboost_rankscore|MutFormer_score|MutFormer_rankscore|MutScore_score|MutScore_rankscore|popEVE_score|popEVE_pred|popEVE_converted_rankscore|Aloft_pred|Aloft_Confidence|CADD_raw|CADD_raw_rankscore|CADD_phred|DANN_score|DANN_rankscore|fathmm-XF_coding_score|fathmm-XF_coding_rankscore|fathmm-XF_coding_pred|Eigen-raw_coding|Eigen-raw_coding_rankscore|Eigen-phred_coding|Eigen-PC-raw_coding|Eigen-PC-raw_coding_rankscore|Eigen-PC-phred_coding|GPN_MSA_score|GPN_MSA_converted_rankscore|GPN_MSA_pred|GERP++_RS|GERP++_RS_rankscore|phyloP100way_vertebrate|phyloP100way_vertebrate_rankscore|phyloP470way_mammalian|phyloP470way_mammalian_rankscore|phyloP17way_primate|phyloP17way_primate_rankscore|phastCons100way_vertebrate|phastCons100way_vertebrate_rankscore|phastCons470way_mammalian|phastCons470way_mammalian_rankscore|phastCons17way_primate|phastCons17way_primate_rankscore|bStatistic|bStatistic_converted_rankscore|avsnp151
AF<=0.01 rare variants (gnomad41 AF column approx): 54373
avinput lines: 55123
