=== 10 CNVkit CORRECTED (hybrid mode, access file) ===
total 55M
-rw-rw-r-- 1 bjx131_pkuhpc bjx131_pkuhpc 2.1M Sep 21 02:26 blood_sorted.markdup.BQSR.antitargetcoverage.cnn
-rw-rw-r-- 1 bjx131_pkuhpc bjx131_pkuhpc  12M Sep 21 02:30 blood_sorted.markdup.BQSR.targetcoverage.cnn
-rw-rw-r-- 1 bjx131_pkuhpc bjx131_pkuhpc 2.1M Sep 21 02:35 OC_sorted.markdup.BQSR.antitargetcoverage.cnn
-rw-rw-r-- 1 bjx131_pkuhpc bjx131_pkuhpc 741K Sep 21 02:35 OC_sorted.markdup.BQSR.bintest.cns
-rw-rw-r-- 1 bjx131_pkuhpc bjx131_pkuhpc  21K Sep 21 02:35 OC_sorted.markdup.BQSR.call.cns
-rw-rw-r-- 1 bjx131_pkuhpc bjx131_pkuhpc  16M Sep 21 02:35 OC_sorted.markdup.BQSR.cnr
-rw-rw-r-- 1 bjx131_pkuhpc bjx131_pkuhpc  37K Sep 21 02:35 OC_sorted.markdup.BQSR.cns
-rw-rw-r-- 1 bjx131_pkuhpc bjx131_pkuhpc 6.7M Sep 21 02:36 OC_sorted.markdup.BQSR-diagram.pdf
-rw-rw-r-- 1 bjx131_pkuhpc bjx131_pkuhpc 153K Sep 21 02:35 OC_sorted.markdup.BQSR-scatter.png
-rw-rw-r-- 1 bjx131_pkuhpc bjx131_pkuhpc  12M Sep 21 02:35 OC_sorted.markdup.BQSR.targetcoverage.cnn
-rw-rw-r-- 1 bjx131_pkuhpc bjx131_pkuhpc 1.4M Sep 21 02:26 S07604514_AllTracks_V6_60_hg38.antitarget.bed
-rw-rw-r-- 1 bjx131_pkuhpc bjx131_pkuhpc 7.0M Sep 21 02:26 S07604514_AllTracks_V6_60_hg38.target.bed
--- segments by called cn ---
cn=0: 1 segments
cn=1: 69 segments
cn=2: 202 segments
cn=3: 35 segments
--- segments with |log2| >= 0.3 (top 30 by weight) ---
chr9	78329490	138320875	-	-0.75872	1	50.4061	0	7868	7415.65
chr8	13305866	124474657	-	0.487929	3	98.4536	0	7645	7171.83
chr5	75147262	139404066	-	0.457532	3	94.0598	0	4329	4078.91
chr5	141248449	177874998	-	0.454623	3	114.772	0	3662	3503.97
chr20	37403924	61873920	-	0.518642	3	119.399	0	2602	2498.38
chr20	14085594	37089164	-	0.506022	3	117.816	0	2360	2242.28
chr20	60500	13788672	-	0.498843	3	114.348	0	1402	1338.33
chr21	9035781	33403012	-	0.442043	3	87.4591	4.4343e-237	1032	925.706
chr8	129778154	141356147	-	0.498176	3	100.936	1.40771e-278	797	761.148
chr21	33516976	39925482	-	0.501763	3	106.623	3.18776e-234	693	650.053
chr8	141519314	144268212	-	0.442473	3	129.887	1.48197e-145	650	564.722
chr21	40847194	44098797	-	0.460912	3	118.451	3.49525e-170	557	519.047
chr20	62008986	63414246	-	0.509914	3	136.499	7.55681e-197	450	436.246
chr8	64084	6620960	-	0.343537	3	79.7844	1.72711e-44	336	271.631
chrY	284105	57214496	-	-2.05222	0	26.6312	7.82831e-17	325	296.527
chr14	16113732	20511118	-	-0.33359	1	55.1587	3.82949e-42	312	193.324
chr16	386539	947702	-	-0.752911	1	61.1868	1.45718e-155	307	290.487
chr7	142038522	143062692	-	-0.472962	1	52.1944	7.67241e-89	296	173.349
chr5	139562270	140786473	-	0.45416	3	124.808	1.0411e-107	289	278.296
chr14	92924133	94383171	-	-0.486811	1	44.9043	2.27404e-80	280	169.2
chr21	44254538	45404664	-	0.494837	3	130.266	3.25498e-108	265	254.837
chr20	63488909	64092987	-	0.51016	3	145.143	8.90702e-114	262	254.002
chr5	179908316	181260850	-	0.451739	3	122.382	1.5579e-86	245	236.316
chr5	178039331	179207677	-	0.451629	3	116.009	1.44505e-82	230	220.239
chr17	7246676	7513193	-	-0.423611	1	59.1997	8.34076e-75	229	130.841
chr8	144434766	145054157	-	0.472312	3	138.072	2.17471e-70	217	201.734
chr21	46219410	46691137	-	0.429973	3	124.978	8.2434e-74	205	197.955
chr19	8732639	8973192	-	-0.427976	1	59.3524	4.24659e-59	199	123.685
chr14	105587069	106874939	-	-0.532291	1	43.0956	1.48698e-45	176	94.3055
chr1	16871013	17429338	-	-0.452016	1	52.2533	1.24221e-52	175	91.8259
--- HGSOC classic genes grep (from diagram cns genes col if present) ---
