Loading required package: limma

clusterProfiler v4.12.6 Learn more at https://yulab-smu.top/contribution-knowledge-mining/

Please cite:

T Wu, E Hu, S Xu, M Chen, P Guo, Z Dai, T Feng, L Zhou, W Tang, L Zhan,
X Fu, S Liu, X Bo, and G Yu. clusterProfiler 4.0: A universal
enrichment tool for interpreting omics data. The Innovation. 2021,
2(3):100141

Attaching package: 'clusterProfiler'

The following object is masked from 'package:biomaRt':

    select

The following object is masked from 'package:stats':

    filter

Loading required package: AnnotationDbi
Loading required package: stats4
Loading required package: BiocGenerics

Attaching package: 'BiocGenerics'

The following object is masked from 'package:limma':

    plotMA

The following objects are masked from 'package:stats':

    IQR, mad, sd, var, xtabs

The following objects are masked from 'package:base':

    Filter, Find, Map, Position, Reduce, anyDuplicated, aperm, append,
    as.data.frame, basename, cbind, colnames, dirname, do.call,
    duplicated, eval, evalq, get, grep, grepl, intersect, is.unsorted,
    lapply, mapply, match, mget, order, paste, pmax, pmax.int, pmin,
    pmin.int, rank, rbind, rownames, sapply, setdiff, table, tapply,
    union, unique, unsplit, which.max, which.min

Loading required package: Biobase
Welcome to Bioconductor

    Vignettes contain introductory material; view with
    'browseVignettes()'. To cite Bioconductor, see
    'citation("Biobase")', and for packages 'citation("pkgname")'.

Loading required package: IRanges
Loading required package: S4Vectors

Attaching package: 'S4Vectors'

The following object is masked from 'package:clusterProfiler':

    rename

The following object is masked from 'package:utils':

    findMatches

The following objects are masked from 'package:base':

    I, expand.grid, unname


Attaching package: 'IRanges'

The following object is masked from 'package:clusterProfiler':

    slice


Attaching package: 'AnnotationDbi'

The following object is masked from 'package:clusterProfiler':

    select


Loading required package: GenomicRanges
Loading required package: GenomeInfoDb
== salmon_files (order feeds the design matrix) ==
[1] "./HBR_Rep1_ERCC-Mix2_Build37-ErccTranscripts-chr22_direct.salmon_quant/quant.sf"
[2] "./HBR_Rep2_ERCC-Mix2_Build37-ErccTranscripts-chr22_direct.salmon_quant/quant.sf"
[3] "./HBR_Rep3_ERCC-Mix2_Build37-ErccTranscripts-chr22_direct.salmon_quant/quant.sf"
[4] "./UHR_Rep1_ERCC-Mix1_Build37-ErccTranscripts-chr22_direct.salmon_quant/quant.sf"
[5] "./UHR_Rep2_ERCC-Mix1_Build37-ErccTranscripts-chr22_direct.salmon_quant/quant.sf"
[6] "./UHR_Rep3_ERCC-Mix1_Build37-ErccTranscripts-chr22_direct.salmon_quant/quant.sf"
reading in files with read_tsv
1 2 3 4 5 6 
== sample columns (must be HBR,HBR,HBR,UHR,UHR,UHR) ==
NULL
== transcripts kept: 111 of 4989 ==
   sample condition
1 Sample1       HBR
2 Sample2       HBR
3 Sample3       HBR
4 Sample4       UHR
5 Sample5       UHR
6 Sample6       UHR
== regulation summary ==

down-regulated        not sig   up-regulated 
            30             66             15 
[1] "IGLC2"    "MIAT"     "MYH9"     "YWHAH"    "MAPK8IP2" "ACO2"    
Matched: 111 / 111 
Warning message:
ggrepel: 9 unlabeled data points (too many overlaps). Consider increasing max.overlaps 
null device 
          1 
== up-regulated genes for enrichment: 15 ==
Warning message:
`aes_string()` was deprecated in ggplot2 3.0.0.
i Please use tidy evaluation idioms with `aes()`.
i See also `vignette("ggplot2-in-packages")` for more information.
i The deprecated feature was likely used in the enrichplot package.
  Please report the issue at
  <https://github.com/GuangchuangYu/enrichplot/issues>. 
null device 
          1 
== R analysis done: volcano_plot.pdf, GO_dotplot_up_regulate.pdf, heatmap_DEG_mini_final.pdf ==
